// Jest Snapshot v1, https://goo.gl/fbAQLP

exports[`create reminder modal should render login correctly 1`] = `ShallowWrapper {}`;
